<?xml version="1.0" encoding="UTF-8"?><root>
  <one>false</one>
  <two>true</two>
  <three>true</three>
  <four>false</four>
  <five>true</five>
  <six>false</six>
  <seven>false</seven>
  <eight>true</eight>
</root>
