<?xml version="1.0" encoding="UTF-8"?><result>
  <one sortOrder="ascending">a b p q</one>
  <two sortOrder="descending">q p b a</two>
</result>
