<?xml version="1.0" encoding="UTF-8"?><result>
  <item key="1">2</item>
  <item key="2">4</item>
  <item key="3">6</item>
  <item key="4">8</item>
  <item key="5">10</item>
</result>
