<?xml version="1.0" encoding="UTF-8"?><chapter>
  <section title="End with 1">
    <para>XSLT is used to write stylesheets.</para>
    <para>XQuery is used to query XML databases.</para>
  </section>
  <section title="End with 2">
    <para>A stylesheet is an XML document used to define a transformation.</para>
    <para>Stylesheets may be written in XSLT.</para>
    <para>XSLT 2.0 introduces new grouping constructs.</para>
  </section>
</chapter>
