<?xml version="1.0" encoding="UTF-8"?><result xmlns="http://ns0">
  <p>Do <em>not</em>:
    </p>
  <ul>
    <li>talk,</li>
    <li>eat, or</li>
    <li>use your mobile telephone</li>
    </ul>
  <p>
    while you are in the cinema.</p>
</result>
