<?xml version="1.0" encoding="UTF-8"?><result>
  <group key="less_than_five">
    <item>1</item>
    <item>2</item>
    <item>3</item>
    <item>4</item>
  </group>
  <group key="greater_equal_to_five">
    <item>5</item>
    <item>6</item>
    <item>7</item>
    <item>8</item>
    <item>9</item>
    <item>10</item>
  </group>
</result>
