<?xml version="1.0" encoding="UTF-8"?><document>
  <info>10</info>
  <info>15</info>
  <info>
    <person>
    <name>Dave</name>
  </person>
  </info>
  <info>
    <person>
    <name>Mary</name>
  </person>
  </info>
</document>
