<?xml version="1.0" encoding="UTF-8"?><result>
  <mesg count="5">hello hello hello hello hello</mesg>
</result>
