<?xml version="1.0" encoding="UTF-8"?><out>
  <item last="6" position="1">
    <TITLE>Pride and Prejudice</TITLE>
  </item>
  <item last="6" position="2">
    <TITLE>Wuthering Heights</TITLE>
  </item>
  <item last="6" position="3">
    <TITLE>Tess of the d'Urbervilles</TITLE>
  </item>
  <item last="6" position="4">
    <TITLE>Jude the Obscure</TITLE>
  </item>
  <item last="6" position="5">
    <TITLE>The Big Over Easy</TITLE>
  </item>
  <item last="6" position="6">
    <TITLE>The Eyre Affair</TITLE>
  </item>
</out>
