<?xml version="1.0" encoding="UTF-8"?><result>P1DT16H</result>
