<?xml version="1.0" encoding="UTF-8"?><result>
  <one>5</one>
  <two>12</two>
</result>
