<?xml version="1.0" encoding="UTF-8"?><result>
  <one isXsDateTimeValue="true">1999-12-31T12:00:00</one>
  <two isXsDateTimeValue="true">1999-12-31T00:00:00</two>
  <three isXsDateTimeValue="true">2012-10-05T00:00:00+05:30</three>
</result>
