<?xml version="1.0" encoding="UTF-8"?><result>
  <group grpKey="abc">
    <a>abc</a>
  </group>
  <group grpKey="hello1">
    <a>hello1</a>
    <a>hello1</a>
  </group>
  <group grpKey="hello5">
    <a>hello5</a>
  </group>
  <group grpKey="hi2">
    <a>hi2</a>
  </group>
  <group grpKey="hi4">
    <a>hi4</a>
  </group>
</result>
