<?xml version="1.0" encoding="UTF-8"?><result>
  <one>
    <a>true</a>
    <b>false</b>
    <c>2005-10-07</c>
  </one>
  <two>
    <a>true</a>
    <b>false</b>
    <c>2005-10-07</c>
  </two>
</result>
