<?xml version="1.0" encoding="UTF-8"?><result>
  <one>8</one>
  <two>8</two>
  <three>5</three>
</result>
