<?xml version="1.0" encoding="UTF-8"?><result>
  <one>abc</one>
  <two>pqr1</two>
  <three>abc2</three>
  <four>pqr3</four>
</result>
