<?xml version="1.0" encoding="UTF-8"?><result>
  <one>abc</one>
  <two>pqr</two>
</result>
