<?xml version="1.0" encoding="UTF-8"?><info>
  <map1>
    <entry value="hello" key="0"/>
    <entry value="there" key="1"/>
    <entry value="yes no" key="2"/>
  </map1>
  <map2>
    <entry value="hello1" key="0"/>
    <entry value="yes1 no1" key="1"/>
  </map2>
</info>
