<html>
<head>
<META http-equiv="Content-Type" content="text/html; charset=UTF-8">
<title>xsl:analyze-string instruction example</title>
</head>
<body>
<br>  hello world<br>  this xml document shall be used<br>  to demonstrate xslt xsl:analyze-string instruction<br>
</body>
</html>
