<?xml version="1.0" encoding="UTF-8"?><groupsOfWords>
  <wordsGroup count="9" strLength="2">
    <words>in,at,eu,Ut,eu,et,in,eu,In</words>
  </wordsGroup>
  <wordsGroup count="7" strLength="3">
    <words>sit,sit,non,Sed,Sed,sed,hac</words>
  </wordsGroup>
  <wordsGroup count="18" strLength="4">
    <words>amet,elit,Duis,orci,orci,diam,ante,Nunc,amet,nisl,quis,Nunc,odio,urna,nisl,quam,eget,urna</words>
  </wordsGroup>
  <wordsGroup count="16" strLength="5">
    <words>Lorem,ipsum,dolor,dolor,lacus,metus,risus,magna,lorem,magna,velit,augue,Donec,augue,Fusce,ipsum</words>
  </wordsGroup>
  <wordsGroup count="7" strLength="6">
    <words>turpis,luctus,ornare,mattis,libero,mattis,platea</words>
  </wordsGroup>
  <wordsGroup count="11" strLength="7">
    <words>pretium,rhoncus,lacinia,Vivamus,laoreet,lacinia,blandit,blandit,Aliquam,dapibus,viverra</words>
  </wordsGroup>
  <wordsGroup count="5" strLength="8">
    <words>accumsan,pulvinar,ultrices,volutpat,dictumst</words>
  </wordsGroup>
  <wordsGroup count="13" strLength="9">
    <words>tincidunt,convallis,malesuada,vulputate,porttitor,facilisis,facilisis,facilisis,convallis,elementum,malesuada,tincidunt,habitasse</words>
  </wordsGroup>
  <wordsGroup count="1" strLength="10">
    <words>adipiscing</words>
  </wordsGroup>
  <wordsGroup count="5" strLength="11">
    <words>consectetur,condimentum,condimentum,scelerisque,consectetur</words>
  </wordsGroup>
</groupsOfWords>
