<?xml version="1.0" encoding="UTF-8"?><analyze-string-result xmlns="http://www.w3.org/2005/xpath-functions">
  <match>abcde</match>
</analyze-string-result>
