<?xml version="1.0" encoding="UTF-8"?><result>2 4 6 8 10</result>
