<?xml version="1.0" encoding="UTF-8"?><result>
  <item>hello1</item>
  <item>hello2</item>
  <item>hello3</item>
  <item>hello4</item>
  <item>hello5</item>
  <item>hello6</item>
  <item>hello7</item>
  <allItemsProcessedWithoutBreak/>
</result>
