<?xml version="1.0" encoding="UTF-8"?><result>
  <res>3</res>
  <res>5</res>
  <res>7</res>
  <res>9</res>
  <res>11</res>
  <res>13</res>
  <res>15</res>
  <res>17</res>
</result>
