<?xml version="1.0" encoding="UTF-8"?><result>
  <one>9</one>
  <two>5</two>
  <three>14</three>
  <four>3.5</four>
</result>
