<?xml version="1.0" encoding="UTF-8"?><result>
  <x>5</x>
  <y>0</y>
</result>
