<?xml version="1.0" encoding="UTF-8"?><result>
  <array size="7">
    <item>1</item>
    <item>2</item>
    <item>a</item>
    <item>b</item>
    <item>c</item>
    <item>4 5</item>
    <item>m n</item>
  </array>
</result>
