<?xml version="1.0" encoding="UTF-8"?><result>
  <one>24.43</one>
  <two>24.43</two>
  <three>true</three>
</result>
