<?xml version="1.0" encoding="UTF-8"?><result>
  <m>Hello world, this text file is used for testing purpose</m>
  <m>== Thanks for reading this</m>
  <m>Many thanks</m>
  <m>:: Thank you</m>
  <m>== Your's sincerely</m>
  <m>--</m>
  <m>Apache Xalan</m>
</result>
