<?xml version="1.0" encoding="UTF-8"?><result>
  <info number="1">1</info>
  <info number="2">4</info>
  <info number="3">9</info>
  <info number="4">16</info>
</result>
