<?xml version="1.0" encoding="UTF-8"?><result>
  <one>thanks hello1 for reading hello2</one>
</result>
