<?xml version="1.0" encoding="UTF-8"?><result>
  <one>123abc</one>
  <two att="123abc"/>
  <three>123abc</three>
</result>
