<?xml version="1.0" encoding="UTF-8"?><result>
  <one>yes</one>
  <two>no</two>
</result>
