<?xml version="1.0" encoding="UTF-8"?><out>center-attr-1 center-attr-2 center-attr-3 </out>