<?xml version="1.0" encoding="UTF-8"?><result>
  <a id="1">helloq</a>
  <c id="4">hellor</c>
  <d id="3">helloo</d>
  <e id="5">hellot</e>
  <f id="6">hellor</f>
  <g id="2">hellor</g>
  <g id="7">hellou</g>
</result>
