{
 "a": 1,
 "b": {
  "p": 5,
  "q": 7,
  "r": 6
 },
 "c": 2
}