<?xml version="1.0" encoding="UTF-8"?><result>
  <one>hello</one>
  <two>great</two>
  <three>hi</three>
</result>
