<?xml version="1.0" encoding="UTF-8"?><result>
  <p>hello</p>
  <p>there</p>
  <p>how</p>
  <p>are</p>
  <p>you</p>
</result>
